// Jest Snapshot v1, https://goo.gl/fbAQLP

exports[`renders homepage unchanged 1`] = `
<div>
  <div>
    <div
      class="layout"
    >
      <div
        class="header"
      >
        <div>
          <div
            class="headerDiv"
          >
            <button
              class="btn"
            >
              Dashboard
            </button>
          </div>
          <div
            class="headerDiv SL"
          >
            <button
              class="btn"
            >
              Shopping List
            </button>
          </div>
        </div>
      </div>
      <div
        class="recipeList centered"
      >
        <div>
          <div
            class="recipeListHeader"
            id="recipeListHeader"
          >
             ‚Äç Recipe Book
          </div>
          <div
            class="listContainer"
            id="listContainer"
          >
            <div
              class="outerRecipeContainer"
              id="outerRecipeContainer"
            >
              <button
                class="recipeContainer"
                id="recipeContainer"
              >
                <div
                  class="recipeListName"
                  id="recipeListName"
                >
                  Chicken Nuggets
                </div>
                <div
                  class="recipeListLine"
                  id="recipeListLine"
                />
              </button>
              <button
                class="listPlus"
                id="listPlus"
              >
                +
              </button>
            </div>
          </div>
        </div>
      </div>
      <div
        class="recipeDetail centered"
      >
        <div>
          RecipeDetail
        </div>
      </div>
      <div
        class="pantry centered"
      >
        <div>
          Pantry
        </div>
      </div>
    </div>
  </div>
</div>
`;
